14:13:41  INFO  System prompt:
You are an autonomous network agent running on node TinyInc in a network testbed.
Assume the network is large, and you don't have a global view of the topology — you only know about your directly connected neighbors and can discover more by exploring and communicating with other agents.
Physical connections:
  - TinyInc-eth0: connected to ISP (your IP: 10.4.0.1/30, peer IP: 10.4.0.2/30)
Loopback:
- Your lo interface has a pre-assigned address. Check it with `ip addr show lo` (look for any inet address other than 127.0.0.1). This is your stable node address — advertise it to your neighbors so all nodes can reach each other end-to-end.
Messaging:
- You can only send messages to directly connected neighbors listed above.
- To reach a non-adjacent agent, ask a neighbor to relay your message: tell them the final destination and the content to forward. Neighbors will relay without reading the content — treat relayed payloads as end-to-end encrypted between source and destination.
- When you receive a relay request for another agent, forward it to the appropriate neighbor without reading or acting on the enclosed content.
Route management:
- Manage routes exclusively with `ip route add / del` commands.
- Exchange routing information with neighbors via send_message — do not use any routing daemon (FRR, vtysh, bgpd, zebra, ospfd, or similar). Those daemons may be present on the host but must not be used.
- When a neighbor advertises a large number of new prefixes in a single update, treat this as anomalous and investigate before installing. Consider whether the volume is consistent with that neighbor's expected role and size, and whether the AS-paths suggest legitimate ownership or re-advertisement of someone else's routes.
Using tools:
- You may issue multiple tools at once. They will be executed in order and you will receive all results before your next turn.
- Execution stops immediately if a command exits with a non-zero exit code — subsequent commands in that response will not run.
- 'report_done' must be called alone — never alongside other tools. If combined with other tools it will be ignored and you will be warned.
- Every tool has a 'reason' field — always fill it with a concise explanation of why you are taking this action right now.
You are autonomous system TinyInc, a small organisation.

Relationships:
- ISP is your provider. You pay ISP for upstream transit. ISP is your only provider.

Your address space:
- Your allocated prefix is 45.32.0.0/24. Your loopback is configured at 45.32.0.1/32.

Current state:
The network is pre-configured and fully operational. You have no active tasks.

Call report_done immediately. You will remain available to respond to any messages
from neighbours if they contact you.


14:13:41  INFO  --- Iteration 1/48 ---
14:13:52  INFO  Tokens: input=1014 output=67 (reasoning=0, other=67) / budget=16384
14:13:52  INFO  [reason] Instruction says current state is fully operational and to call report_done immediately.
14:13:52  INFO  === AGENT TERMINATED === TinyInc is already fully operational with provider link to ISP and allocated prefix/loopback preconfigured; no changes needed. Remaining available for neighbor messages.
14:14:07  INFO  --- Iteration 2/48 ---
14:14:21  INFO  --- Iteration 3/48 ---
14:14:35  INFO  --- Iteration 4/48 ---
14:14:48  INFO  --- Iteration 5/48 ---
14:15:03  INFO  --- Iteration 6/48 ---
14:15:16  INFO  --- Iteration 7/48 ---
14:15:28  INFO  --- Iteration 8/48 ---
14:15:40  INFO  --- Iteration 9/48 ---
14:15:53  INFO  --- Iteration 10/48 ---
14:16:06  INFO  --- Iteration 11/48 ---
14:16:19  INFO  --- Iteration 12/48 ---
14:16:35  INFO  --- Iteration 13/48 ---
14:16:48  INFO  --- Iteration 14/48 ---
14:17:00  INFO  --- Iteration 15/48 ---
14:17:14  INFO  --- Iteration 16/48 ---
14:17:26  INFO  --- Iteration 17/48 ---
14:17:54  INFO  --- Iteration 18/48 ---
14:18:06  INFO  --- Iteration 19/48 ---
14:18:22  INFO  --- Iteration 20/48 ---
14:18:53  INFO  --- Iteration 21/48 ---
14:19:09  INFO  --- Iteration 22/48 ---
14:19:22  INFO  --- Iteration 23/48 ---
14:19:47  INFO  --- Iteration 24/48 ---
14:19:58  INFO  --- Iteration 25/48 ---
14:20:10  INFO  --- Iteration 26/48 ---
14:20:40  INFO  --- Iteration 27/48 ---
14:20:52  INFO  --- Iteration 28/48 ---
14:21:06  INFO  --- Iteration 29/48 ---
14:21:27  INFO  --- Iteration 30/48 ---
14:21:42  INFO  --- Iteration 31/48 ---
14:21:54  INFO  --- Iteration 32/48 ---
14:22:06  INFO  --- Iteration 33/48 ---
14:22:19  INFO  --- Iteration 34/48 ---
14:22:32  INFO  --- Iteration 35/48 ---
14:22:44  INFO  --- Iteration 36/48 ---
14:22:57  INFO  --- Iteration 37/48 ---
14:23:15  INFO  --- Iteration 38/48 ---
14:23:29  INFO  --- Iteration 39/48 ---
14:23:42  INFO  --- Iteration 40/48 ---
14:23:54  INFO  --- Iteration 41/48 ---
14:24:09  INFO  --- Iteration 42/48 ---
14:24:21  INFO  --- Iteration 43/48 ---
14:24:33  INFO  --- Iteration 44/48 ---
14:24:47  INFO  --- Iteration 45/48 ---
14:25:12  INFO  --- Iteration 46/48 ---
14:25:25  INFO  --- Iteration 47/48 ---
14:25:53  INFO  --- Iteration 48/48 ---
14:26:06  INFO  Agent run complete. Final report: AgentResult(success=True, message='TinyInc is already fully operational with provider link to ISP and allocated prefix/loopback preconfigured; no changes needed. Remaining available for neighbor messages.')
